[2025-05-24T17:27:11.286+0300][info][gc] Using G1
[2025-05-24T17:27:14.800+0300][info][gc] GC(0) Pause Young (Normal) (G1 Evacuation Pause) 4M->2M(12M) 3.861ms
[2025-05-24T17:27:14.835+0300][info][gc] GC(1) Pause Young (Normal) (G1 Evacuation Pause) 3M->2M(12M) 2.080ms
[2025-05-24T17:27:14.857+0300][info][gc] GC(2) Pause Young (Normal) (G1 Evacuation Pause) 3M->2M(12M) 1.140ms
[2025-05-24T17:27:14.907+0300][info][gc] GC(3) Pause Young (Normal) (G1 Evacuation Pause) 4M->3M(12M) 1.358ms
[2025-05-24T17:27:14.970+0300][info][gc] GC(4) Pause Young (Normal) (G1 Evacuation Pause) 5M->3M(12M) 1.827ms
[2025-05-24T17:27:14.991+0300][info][gc] GC(5) Pause Young (Normal) (G1 Evacuation Pause) 5M->4M(12M) 2.028ms
[2025-05-24T17:27:15.014+0300][info][gc] GC(6) Pause Young (Normal) (G1 Evacuation Pause) 6M->3M(12M) 1.192ms
[2025-05-24T17:27:15.339+0300][info][gc] GC(7) Pause Young (Normal) (G1 Evacuation Pause) 5M->3M(12M) 1.001ms
[2025-05-24T17:27:15.481+0300][info][gc] GC(8) Pause Young (Normal) (G1 Evacuation Pause) 5M->3M(12M) 1.603ms
[2025-05-24T17:27:15.698+0300][info][gc] GC(9) Pause Young (Normal) (G1 Evacuation Pause) 5M->4M(12M) 2.335ms
[2025-05-24T17:27:21.830+0300][info][gc] GC(10) Pause Young (Normal) (G1 Evacuation Pause) 6M->4M(12M) 1.857ms
[2025-05-24T17:27:34.840+0300][info][gc] GC(11) Pause Young (Normal) (G1 Evacuation Pause) 6M->4M(12M) 1.329ms
[2025-05-24T17:27:52.885+0300][info][gc] GC(12) Pause Young (Normal) (G1 Evacuation Pause) 6M->4M(12M) 1.134ms
[2025-05-24T17:28:11.037+0300][info][gc] GC(13) Pause Young (Normal) (G1 Evacuation Pause) 6M->4M(12M) 0.871ms
[2025-05-24T17:28:29.071+0300][info][gc] GC(14) Pause Young (Normal) (G1 Evacuation Pause) 6M->4M(12M) 1.025ms
[2025-05-24T17:28:34.942+0300][info][gc] GC(15) Pause Young (Concurrent Start) (G1 Humongous Allocation) 5M->4M(12M) 1.623ms
[2025-05-24T17:28:34.942+0300][info][gc] GC(16) Concurrent Undo Cycle
[2025-05-24T17:28:34.942+0300][info][gc] GC(16) Concurrent Undo Cycle 0.213ms
[2025-05-24T17:29:02.090+0300][info][gc] GC(17) Pause Young (Normal) (G1 Evacuation Pause) 8M->5M(12M) 1.478ms
[2025-05-24T17:29:20.151+0300][info][gc] GC(18) Pause Young (Concurrent Start) (G1 Evacuation Pause) 7M->5M(12M) 1.139ms
[2025-05-24T17:29:20.151+0300][info][gc] GC(19) Concurrent Mark Cycle
[2025-05-24T17:29:20.160+0300][info][gc] GC(19) Pause Remark 5M->5M(12M) 5.473ms
[2025-05-24T17:29:20.162+0300][info][gc] GC(19) Pause Cleanup 5M->5M(12M) 0.035ms
[2025-05-24T17:29:20.163+0300][info][gc] GC(19) Concurrent Mark Cycle 11.090ms
[2025-05-24T17:29:34.104+0300][info][gc] GC(20) Pause Young (Concurrent Start) (G1 Humongous Allocation) 7M->5M(12M) 1.793ms
[2025-05-24T17:29:34.104+0300][info][gc] GC(21) Concurrent Mark Cycle
[2025-05-24T17:29:34.111+0300][info][gc] GC(21) Pause Remark 8M->8M(12M) 4.385ms
[2025-05-24T17:29:34.113+0300][info][gc] GC(21) Pause Cleanup 8M->8M(12M) 0.058ms
[2025-05-24T17:29:34.113+0300][info][gc] GC(21) Concurrent Mark Cycle 9.440ms
[2025-05-24T17:29:34.116+0300][info][gc] GC(22) Pause Young (Normal) (G1 Evacuation Pause) 8M->6M(12M) 1.137ms
[2025-05-24T17:29:34.123+0300][info][gc] GC(23) Pause Young (Concurrent Start) (G1 Evacuation Pause) 7M->6M(12M) 1.007ms
[2025-05-24T17:29:34.123+0300][info][gc] GC(24) Concurrent Mark Cycle
[2025-05-24T17:29:34.128+0300][info][gc] GC(24) Pause Remark 6M->6M(12M) 2.266ms
[2025-05-24T17:29:34.130+0300][info][gc] GC(24) Pause Cleanup 7M->7M(12M) 0.056ms
[2025-05-24T17:29:34.131+0300][info][gc] GC(24) Concurrent Mark Cycle 7.220ms
[2025-05-24T17:29:34.134+0300][info][gc] GC(25) Pause Young (Normal) (G1 Evacuation Pause) 7M->6M(12M) 1.249ms
[2025-05-24T17:29:34.137+0300][info][gc] GC(26) Pause Young (Concurrent Start) (G1 Evacuation Pause) 7M->6M(12M) 0.950ms
[2025-05-24T17:29:34.137+0300][info][gc] GC(27) Concurrent Mark Cycle
[2025-05-24T17:29:34.140+0300][info][gc] GC(28) Pause Young (Normal) (G1 Evacuation Pause) 7M->6M(12M) 0.986ms
[2025-05-24T17:29:34.144+0300][info][gc] GC(27) Pause Remark 7M->7M(12M) 2.184ms
[2025-05-24T17:29:34.145+0300][info][gc] GC(29) Pause Young (Normal) (G1 Evacuation Pause) 7M->6M(12M) 0.976ms
[2025-05-24T17:29:34.146+0300][info][gc] GC(27) Pause Cleanup 7M->7M(12M) 0.028ms
[2025-05-24T17:29:34.146+0300][info][gc] GC(27) Concurrent Mark Cycle 8.675ms
[2025-05-24T17:29:34.148+0300][info][gc] GC(30) Pause Young (Normal) (G1 Evacuation Pause) 7M->6M(12M) 1.044ms
[2025-05-24T17:29:34.151+0300][info][gc] GC(31) Pause Young (Concurrent Start) (G1 Evacuation Pause) 7M->6M(12M) 1.123ms
[2025-05-24T17:29:34.151+0300][info][gc] GC(32) Concurrent Mark Cycle
[2025-05-24T17:29:34.153+0300][info][gc] GC(33) Pause Young (Normal) (G1 Evacuation Pause) 7M->6M(12M) 0.770ms
[2025-05-24T17:29:34.154+0300][info][gc] GC(34) Pause Young (Normal) (G1 Evacuation Pause) 7M->6M(12M) 0.664ms
[2025-05-24T17:29:34.159+0300][info][gc] GC(32) Pause Remark 7M->7M(12M) 3.812ms
[2025-05-24T17:29:34.161+0300][info][gc] GC(35) Pause Young (Normal) (G1 Evacuation Pause) 7M->7M(12M) 0.664ms
[2025-05-24T17:29:34.163+0300][info][gc] GC(32) Pause Cleanup 7M->7M(12M) 0.085ms
[2025-05-24T17:29:34.164+0300][info][gc] GC(36) Pause Young (Normal) (G1 Evacuation Pause) 7M->7M(12M) 0.581ms
[2025-05-24T17:29:34.164+0300][info][gc] GC(32) Concurrent Mark Cycle 13.680ms
[2025-05-24T17:29:34.167+0300][info][gc] GC(37) Pause Young (Normal) (G1 Evacuation Pause) 8M->7M(12M) 0.835ms
[2025-05-24T17:29:34.170+0300][info][gc] GC(38) Pause Young (Concurrent Start) (G1 Evacuation Pause) 8M->7M(12M) 0.850ms
[2025-05-24T17:29:34.170+0300][info][gc] GC(39) Concurrent Mark Cycle
[2025-05-24T17:29:34.173+0300][info][gc] GC(40) Pause Young (Normal) (G1 Evacuation Pause) 8M->7M(12M) 0.674ms
[2025-05-24T17:29:34.177+0300][info][gc] GC(39) Pause Remark 8M->8M(12M) 3.559ms
[2025-05-24T17:29:34.179+0300][info][gc] GC(41) Pause Young (Normal) (G1 Evacuation Pause) 8M->7M(12M) 0.478ms
[2025-05-24T17:29:34.180+0300][info][gc] GC(39) Pause Cleanup 8M->8M(12M) 0.060ms
[2025-05-24T17:29:34.180+0300][info][gc] GC(39) Concurrent Mark Cycle 9.864ms
[2025-05-24T17:29:34.181+0300][info][gc] GC(42) Pause Young (Normal) (G1 Evacuation Pause) 8M->7M(12M) 0.517ms
[2025-05-24T17:29:34.183+0300][info][gc] GC(43) Pause Young (Concurrent Start) (G1 Evacuation Pause) 8M->7M(12M) 0.628ms
[2025-05-24T17:29:34.183+0300][info][gc] GC(44) Concurrent Mark Cycle
[2025-05-24T17:29:34.185+0300][info][gc] GC(45) Pause Young (Normal) (G1 Evacuation Pause) 8M->7M(12M) 0.588ms
[2025-05-24T17:29:34.187+0300][info][gc] GC(46) Pause Young (Normal) (G1 Evacuation Pause) 8M->7M(12M) 0.528ms
[2025-05-24T17:29:34.191+0300][info][gc] GC(44) Pause Remark 8M->8M(12M) 3.468ms
[2025-05-24T17:29:34.193+0300][info][gc] GC(47) Pause Young (Normal) (G1 Evacuation Pause) 8M->7M(12M) 0.535ms
[2025-05-24T17:29:34.194+0300][info][gc] GC(44) Pause Cleanup 8M->8M(12M) 0.033ms
[2025-05-24T17:29:34.194+0300][info][gc] GC(44) Concurrent Mark Cycle 11.214ms
[2025-05-24T17:29:34.195+0300][info][gc] GC(48) Pause Young (Prepare Mixed) (G1 Evacuation Pause) 8M->7M(12M) 0.484ms
[2025-05-24T17:29:34.197+0300][info][gc] GC(49) Pause Young (Mixed) (G1 Preventive Collection) 8M->7M(12M) 1.851ms
[2025-05-24T17:29:34.200+0300][info][gc] GC(50) Pause Young (Concurrent Start) (G1 Evacuation Pause) 8M->7M(12M) 0.856ms
[2025-05-24T17:29:34.200+0300][info][gc] GC(51) Concurrent Mark Cycle
[2025-05-24T17:29:34.202+0300][info][gc] GC(52) Pause Young (Normal) (G1 Evacuation Pause) 8M->7M(12M) 0.567ms
[2025-05-24T17:29:34.206+0300][info][gc] GC(51) Pause Remark 9M->9M(12M) 2.168ms
[2025-05-24T17:29:34.208+0300][info][gc] GC(51) Pause Cleanup 9M->9M(12M) 0.055ms
[2025-05-24T17:29:34.209+0300][info][gc] GC(51) Concurrent Mark Cycle 8.409ms
[2025-05-24T17:29:34.254+0300][info][gc] GC(53) Pause Young (Normal) (G1 Evacuation Pause) 9M->5M(12M) 1.081ms
[2025-05-24T17:29:48.267+0300][info][gc] GC(54) Pause Young (Concurrent Start) (G1 Evacuation Pause) 7M->6M(12M) 1.028ms
[2025-05-24T17:29:48.267+0300][info][gc] GC(55) Concurrent Mark Cycle
[2025-05-24T17:29:48.273+0300][info][gc] GC(55) Pause Remark 6M->6M(12M) 2.825ms
[2025-05-24T17:29:48.275+0300][info][gc] GC(55) Pause Cleanup 6M->6M(12M) 0.089ms
[2025-05-24T17:29:48.275+0300][info][gc] GC(55) Concurrent Mark Cycle 7.344ms
[2025-05-24T17:30:07.283+0300][info][gc] GC(56) Pause Young (Normal) (G1 Evacuation Pause) 8M->5M(12M) 1.345ms
[2025-05-24T17:30:26.397+0300][info][gc] GC(57) Pause Young (Concurrent Start) (G1 Evacuation Pause) 7M->5M(12M) 1.286ms
[2025-05-24T17:30:26.397+0300][info][gc] GC(58) Concurrent Mark Cycle
[2025-05-24T17:30:26.406+0300][info][gc] GC(58) Pause Remark 6M->6M(12M) 2.766ms
[2025-05-24T17:30:26.406+0300][info][gc] GC(58) Pause Cleanup 6M->6M(12M) 0.085ms
[2025-05-24T17:30:26.406+0300][info][gc] GC(58) Concurrent Mark Cycle 8.961ms
[2025-05-24T17:30:45.517+0300][info][gc] GC(59) Pause Young (Normal) (G1 Evacuation Pause) 7M->5M(12M) 0.942ms
[2025-05-24T17:31:05.467+0300][info][gc] GC(60) Pause Young (Concurrent Start) (G1 Evacuation Pause) 7M->5M(12M) 1.061ms
[2025-05-24T17:31:05.467+0300][info][gc] GC(61) Concurrent Mark Cycle
[2025-05-24T17:31:05.474+0300][info][gc] GC(61) Pause Remark 5M->5M(12M) 2.927ms
[2025-05-24T17:31:05.475+0300][info][gc] GC(61) Pause Cleanup 5M->5M(12M) 0.088ms
[2025-05-24T17:31:05.476+0300][info][gc] GC(61) Concurrent Mark Cycle 8.567ms
[2025-05-24T17:31:21.408+0300][info][gc] GC(62) Pause Young (Concurrent Start) (G1 Humongous Allocation) 7M->5M(12M) 0.891ms
[2025-05-24T17:31:21.408+0300][info][gc] GC(63) Concurrent Mark Cycle
[2025-05-24T17:31:21.414+0300][info][gc] GC(63) Pause Remark 6M->6M(12M) 2.650ms
[2025-05-24T17:31:21.416+0300][info][gc] GC(63) Pause Cleanup 6M->6M(12M) 0.053ms
[2025-05-24T17:31:21.416+0300][info][gc] GC(63) Concurrent Mark Cycle 7.240ms
[2025-05-24T17:31:40.563+0300][info][gc] GC(64) Pause Young (Normal) (G1 Evacuation Pause) 8M->5M(12M) 1.342ms
[2025-05-24T17:31:59.719+0300][info][gc] GC(65) Pause Young (Concurrent Start) (G1 Evacuation Pause) 7M->5M(12M) 0.762ms
[2025-05-24T17:31:59.719+0300][info][gc] GC(66) Concurrent Mark Cycle
[2025-05-24T17:31:59.725+0300][info][gc] GC(66) Pause Remark 6M->6M(12M) 2.576ms
[2025-05-24T17:31:59.726+0300][info][gc] GC(66) Pause Cleanup 6M->6M(12M) 0.056ms
[2025-05-24T17:31:59.726+0300][info][gc] GC(66) Concurrent Mark Cycle 6.910ms
[2025-05-24T17:32:18.741+0300][info][gc] GC(67) Pause Young (Normal) (G1 Evacuation Pause) 7M->5M(12M) 1.120ms
[2025-05-24T17:32:37.843+0300][info][gc] GC(68) Pause Young (Concurrent Start) (G1 Evacuation Pause) 7M->5M(12M) 1.148ms
[2025-05-24T17:32:37.843+0300][info][gc] GC(69) Concurrent Mark Cycle
[2025-05-24T17:32:37.851+0300][info][gc] GC(69) Pause Remark 6M->6M(12M) 3.489ms
[2025-05-24T17:32:37.853+0300][info][gc] GC(69) Pause Cleanup 6M->6M(12M) 0.085ms
[2025-05-24T17:32:37.853+0300][info][gc] GC(69) Concurrent Mark Cycle 9.801ms
[2025-05-24T17:32:57.787+0300][info][gc] GC(70) Pause Young (Normal) (G1 Evacuation Pause) 7M->5M(12M) 1.272ms
[2025-05-24T17:33:04.086+0300][info][gc] GC(71) Pause Young (Concurrent Start) (G1 Humongous Allocation) 6M->5M(12M) 1.082ms
[2025-05-24T17:33:04.086+0300][info][gc] GC(72) Concurrent Mark Cycle
[2025-05-24T17:33:04.093+0300][info][gc] GC(72) Pause Remark 6M->6M(12M) 3.515ms
[2025-05-24T17:33:04.095+0300][info][gc] GC(72) Pause Cleanup 6M->6M(12M) 0.062ms
[2025-05-24T17:33:04.095+0300][info][gc] GC(72) Concurrent Mark Cycle 9.100ms
[2025-05-24T17:33:23.977+0300][info][gc] GC(73) Pause Young (Normal) (G1 Evacuation Pause) 8M->6M(12M) 1.254ms
[2025-05-24T17:33:32.985+0300][info][gc] GC(74) Pause Young (Concurrent Start) (G1 Evacuation Pause) 7M->6M(12M) 0.855ms
[2025-05-24T17:33:32.985+0300][info][gc] GC(75) Concurrent Mark Cycle
[2025-05-24T17:33:32.989+0300][info][gc] GC(75) Pause Remark 7M->7M(12M) 2.441ms
[2025-05-24T17:33:32.991+0300][info][gc] GC(75) Pause Cleanup 7M->7M(12M) 0.060ms
[2025-05-24T17:33:32.991+0300][info][gc] GC(75) Concurrent Mark Cycle 6.992ms
[2025-05-24T17:33:42.990+0300][info][gc] GC(76) Pause Young (Normal) (G1 Evacuation Pause) 7M->6M(12M) 0.911ms
[2025-05-24T17:33:52.857+0300][info][gc] GC(77) Pause Young (Concurrent Start) (G1 Evacuation Pause) 7M->6M(12M) 0.998ms
[2025-05-24T17:33:52.858+0300][info][gc] GC(78) Concurrent Mark Cycle
[2025-05-24T17:33:52.864+0300][info][gc] GC(78) Pause Remark 7M->7M(12M) 4.216ms
[2025-05-24T17:33:52.867+0300][info][gc] GC(78) Pause Cleanup 7M->7M(12M) 0.059ms
[2025-05-24T17:33:52.867+0300][info][gc] GC(78) Concurrent Mark Cycle 9.376ms
[2025-05-24T17:34:02.005+0300][info][gc] GC(79) Pause Young (Normal) (G1 Evacuation Pause) 7M->7M(12M) 0.906ms
[2025-05-24T17:34:11.016+0300][info][gc] GC(80) Pause Young (Concurrent Start) (G1 Evacuation Pause) 8M->6M(12M) 0.951ms
[2025-05-24T17:34:11.016+0300][info][gc] GC(81) Concurrent Mark Cycle
[2025-05-24T17:34:11.024+0300][info][gc] GC(81) Pause Remark 7M->7M(12M) 4.982ms
[2025-05-24T17:34:11.026+0300][info][gc] GC(81) Pause Cleanup 7M->7M(12M) 0.038ms
[2025-05-24T17:34:11.026+0300][info][gc] GC(81) Concurrent Mark Cycle 9.783ms
[2025-05-24T17:34:19.021+0300][info][gc] GC(82) Pause Young (Normal) (G1 Evacuation Pause) 7M->7M(12M) 0.780ms
[2025-05-24T17:34:28.901+0300][info][gc] GC(83) Pause Young (Concurrent Start) (G1 Evacuation Pause) 8M->7M(12M) 0.689ms
[2025-05-24T17:34:28.903+0300][info][gc] GC(84) Concurrent Mark Cycle
[2025-05-24T17:34:28.909+0300][info][gc] GC(84) Pause Remark 7M->7M(12M) 4.427ms
[2025-05-24T17:34:28.913+0300][info][gc] GC(84) Pause Cleanup 7M->7M(12M) 0.062ms
[2025-05-24T17:34:28.913+0300][info][gc] GC(84) Concurrent Mark Cycle 10.505ms
[2025-05-24T17:34:35.577+0300][info][gc] GC(85) Pause Young (Normal) (G1 Evacuation Pause) 8M->6M(12M) 0.857ms
[2025-05-24T17:34:55.160+0300][info][gc] GC(86) Pause Young (Concurrent Start) (G1 Evacuation Pause) 8M->6M(12M) 1.061ms
[2025-05-24T17:34:55.160+0300][info][gc] GC(87) Concurrent Mark Cycle
[2025-05-24T17:34:55.167+0300][info][gc] GC(87) Pause Remark 6M->6M(12M) 2.956ms
[2025-05-24T17:34:55.170+0300][info][gc] GC(87) Pause Cleanup 6M->6M(12M) 0.090ms
[2025-05-24T17:34:55.170+0300][info][gc] GC(87) Concurrent Mark Cycle 9.366ms
[2025-05-24T17:35:15.083+0300][info][gc] GC(88) Pause Young (Normal) (G1 Evacuation Pause) 8M->6M(12M) 1.095ms
[2025-05-24T17:35:34.338+0300][info][gc] GC(89) Pause Young (Concurrent Start) (G1 Evacuation Pause) 8M->6M(12M) 1.096ms
[2025-05-24T17:35:34.338+0300][info][gc] GC(90) Concurrent Mark Cycle
[2025-05-24T17:35:34.346+0300][info][gc] GC(90) Pause Remark 6M->6M(12M) 2.995ms
[2025-05-24T17:35:34.348+0300][info][gc] GC(90) Pause Cleanup 6M->6M(12M) 0.082ms
[2025-05-24T17:35:34.348+0300][info][gc] GC(90) Concurrent Mark Cycle 9.413ms
