[2025-05-29T16:03:25.494+0300][info][gc] Using Serial
[2025-05-29T16:03:33.718+0300][info][gc] GC(0) Pause Young (Allocation Failure) 4M->2M(15M) 7.433ms
[2025-05-29T16:03:33.944+0300][info][gc] GC(1) Pause Young (Allocation Failure) 6M->2M(15M) 5.789ms
[2025-05-29T16:03:34.124+0300][info][gc] GC(2) Pause Young (Allocation Failure) 7M->4M(15M) 9.587ms
[2025-05-29T16:03:34.559+0300][info][gc] GC(3) Pause Young (Allocation Failure) 8M->4M(15M) 5.756ms
[2025-05-29T16:03:35.960+0300][info][gc] GC(4) Pause Young (Allocation Failure) 8M->5M(15M) 6.068ms
[2025-05-29T16:04:01.092+0300][info][gc] GC(5) Pause Young (Allocation Failure) 9M->5M(15M) 3.635ms
[2025-05-29T16:04:01.117+0300][info][gc] GC(6) Pause Young (Allocation Failure) 9M->5M(15M) 1.351ms
[2025-05-29T16:04:01.141+0300][info][gc] GC(7) Pause Young (Allocation Failure) 9M->5M(15M) 0.671ms
[2025-05-29T16:04:01.169+0300][info][gc] GC(8) Pause Young (Allocation Failure) 9M->5M(15M) 0.724ms
[2025-05-29T16:04:01.197+0300][info][gc] GC(9) Pause Young (Allocation Failure) 9M->5M(15M) 0.671ms
[2025-05-29T16:04:01.213+0300][info][gc] GC(10) Pause Young (Allocation Failure) 9M->5M(15M) 0.586ms
[2025-05-29T16:04:01.231+0300][info][gc] GC(11) Pause Young (Allocation Failure) 9M->5M(15M) 0.745ms
[2025-05-29T16:04:01.253+0300][info][gc] GC(12) Pause Young (Allocation Failure) 9M->5M(15M) 1.503ms
[2025-05-29T16:04:01.265+0300][info][gc] GC(13) Pause Young (Allocation Failure) 9M->5M(15M) 0.768ms
[2025-05-29T16:04:01.279+0300][info][gc] GC(14) Pause Young (Allocation Failure) 9M->5M(15M) 0.652ms
[2025-05-29T16:04:01.291+0300][info][gc] GC(15) Pause Young (Allocation Failure) 9M->5M(15M) 0.909ms
[2025-05-29T16:04:25.236+0300][info][gc] GC(16) Pause Young (Allocation Failure) 9M->5M(15M) 1.840ms
[2025-05-29T16:04:57.894+0300][info][gc] GC(17) Pause Young (Allocation Failure) 9M->5M(15M) 1.147ms
[2025-05-29T16:04:57.910+0300][info][gc] GC(18) Pause Young (Allocation Failure) 9M->5M(15M) 1.082ms
[2025-05-29T16:04:57.925+0300][info][gc] GC(19) Pause Young (Allocation Failure) 9M->5M(15M) 1.278ms
[2025-05-29T16:04:57.946+0300][info][gc] GC(20) Pause Young (Allocation Failure) 9M->5M(15M) 0.823ms
[2025-05-29T16:04:57.955+0300][info][gc] GC(21) Pause Young (Allocation Failure) 9M->5M(15M) 0.951ms
[2025-05-29T16:04:57.970+0300][info][gc] GC(22) Pause Young (Allocation Failure) 9M->5M(15M) 1.503ms
[2025-05-29T16:04:57.994+0300][info][gc] GC(23) Pause Young (Allocation Failure) 9M->5M(15M) 0.900ms
[2025-05-29T16:04:58.006+0300][info][gc] GC(24) Pause Young (Allocation Failure) 9M->5M(15M) 0.879ms
[2025-05-29T16:04:58.018+0300][info][gc] GC(25) Pause Young (Allocation Failure) 9M->5M(15M) 1.077ms
[2025-05-29T16:04:58.030+0300][info][gc] GC(26) Pause Young (Allocation Failure) 9M->5M(15M) 1.160ms
[2025-05-29T16:04:58.046+0300][info][gc] GC(27) Pause Young (Allocation Failure) 9M->5M(15M) 1.172ms
[2025-05-29T16:05:25.331+0300][info][gc] GC(28) Pause Young (Allocation Failure) 9M->5M(15M) 1.142ms
