[2025-05-26T22:42:20.643+0300][info][gc] Using The Z Garbage Collector
[2025-05-26T22:42:20.822+0300][info][gc] GC(0) Garbage Collection (Warmup) 4M(20%)->4M(20%)
[2025-05-26T22:42:20.911+0300][info][gc] GC(1) Garbage Collection (Warmup) 4M(20%)->4M(20%)
[2025-05-26T22:42:21.907+0300][info][gc] GC(2) Garbage Collection (Warmup) 6M(30%)->4M(20%)
[2025-05-26T22:42:25.525+0300][info][gc] GC(3) Garbage Collection (Proactive) 6M(30%)->6M(30%)
[2025-05-26T22:42:25.835+0300][info][gc] GC(4) Garbage Collection (Allocation Rate) 14M(70%)->10M(50%)
[2025-05-26T22:42:25.939+0300][info][gc] GC(5) Garbage Collection (Allocation Rate) 12M(60%)->8M(40%)
[2025-05-26T22:42:26.034+0300][info][gc] GC(6) Garbage Collection (Allocation Rate) 8M(40%)->8M(40%)
[2025-05-26T22:42:26.129+0300][info][gc] GC(7) Garbage Collection (Allocation Rate) 8M(40%)->8M(40%)
[2025-05-26T22:42:26.232+0300][info][gc] GC(8) Garbage Collection (Allocation Rate) 8M(40%)->8M(40%)
[2025-05-26T22:42:26.323+0300][info][gc] GC(9) Garbage Collection (Allocation Rate) 8M(40%)->8M(40%)
[2025-05-26T22:42:26.429+0300][info][gc] GC(10) Garbage Collection (Allocation Rate) 8M(40%)->8M(40%)
[2025-05-26T22:42:26.527+0300][info][gc] GC(11) Garbage Collection (Allocation Rate) 10M(50%)->10M(50%)
[2025-05-26T22:42:26.614+0300][info][gc] GC(12) Garbage Collection (Allocation Rate) 10M(50%)->10M(50%)
[2025-05-26T22:42:26.722+0300][info][gc] GC(13) Garbage Collection (Allocation Rate) 10M(50%)->10M(50%)
[2025-05-26T22:42:27.415+0300][info][gc] GC(14) Garbage Collection (Allocation Rate) 10M(50%)->10M(50%)
[2025-05-26T22:42:27.523+0300][info][gc] GC(15) Garbage Collection (Allocation Rate) 10M(50%)->10M(50%)
[2025-05-26T22:42:31.623+0300][info][gc] GC(16) Garbage Collection (Proactive) 12M(60%)->10M(50%)
[2025-05-26T22:42:41.629+0300][info][gc] GC(17) Garbage Collection (Proactive) 12M(60%)->8M(40%)
[2025-05-26T22:42:43.940+0300][info][gc] GC(18) Garbage Collection (Proactive) 10M(50%)->6M(30%)
[2025-05-26T22:42:46.822+0300][info][gc] GC(19) Garbage Collection (Proactive) 8M(40%)->6M(30%)
[2025-05-26T22:42:49.434+0300][info][gc] GC(20) Garbage Collection (Proactive) 8M(40%)->6M(30%)
[2025-05-26T22:42:51.635+0300][info][gc] GC(21) Garbage Collection (Proactive) 8M(40%)->6M(30%)
[2025-05-26T22:42:53.622+0300][info][gc] GC(22) Garbage Collection (Proactive) 8M(40%)->6M(30%)
[2025-05-26T22:42:55.538+0300][info][gc] GC(23) Garbage Collection (Proactive) 8M(40%)->8M(40%)
[2025-05-26T22:43:04.630+0300][info][gc] GC(24) Garbage Collection (Proactive) 10M(50%)->6M(30%)
[2025-05-26T22:43:06.641+0300][info][gc] GC(25) Garbage Collection (Proactive) 8M(40%)->8M(40%)
[2025-05-26T22:43:10.029+0300][info][gc] GC(26) Garbage Collection (Proactive) 10M(50%)->8M(40%)
[2025-05-26T22:43:12.719+0300][info][gc] GC(27) Garbage Collection (Proactive) 10M(50%)->8M(40%)
[2025-05-26T22:43:14.926+0300][info][gc] GC(28) Garbage Collection (Proactive) 10M(50%)->8M(40%)
[2025-05-26T22:43:16.918+0300][info][gc] GC(29) Garbage Collection (Proactive) 10M(50%)->8M(40%)
[2025-05-26T22:43:18.727+0300][info][gc] GC(30) Garbage Collection (Proactive) 10M(50%)->8M(40%)
[2025-05-26T22:43:20.529+0300][info][gc] GC(31) Garbage Collection (Proactive) 10M(50%)->8M(40%)
[2025-05-26T22:43:22.627+0300][info][gc] GC(32) Garbage Collection (Proactive) 10M(50%)->8M(40%)
[2025-05-26T22:43:24.420+0300][info][gc] GC(33) Garbage Collection (Proactive) 10M(50%)->8M(40%)
[2025-05-26T22:43:26.126+0300][info][gc] GC(34) Garbage Collection (Proactive) 10M(50%)->8M(40%)
[2025-05-26T22:43:27.929+0300][info][gc] GC(35) Garbage Collection (Proactive) 10M(50%)->8M(40%)
[2025-05-26T22:43:30.623+0300][info][gc] GC(36) Garbage Collection (Proactive) 10M(50%)->8M(40%)
[2025-05-26T22:43:33.120+0300][info][gc] GC(37) Garbage Collection (Proactive) 10M(50%)->8M(40%)
[2025-05-26T22:43:35.027+0300][info][gc] GC(38) Garbage Collection (Proactive) 10M(50%)->8M(40%)
[2025-05-26T22:43:37.125+0300][info][gc] GC(39) Garbage Collection (Proactive) 10M(50%)->8M(40%)
[2025-05-26T22:43:38.927+0300][info][gc] GC(40) Garbage Collection (Proactive) 10M(50%)->8M(40%)
[2025-05-26T22:43:40.828+0300][info][gc] GC(41) Garbage Collection (Proactive) 10M(50%)->8M(40%)
[2025-05-26T22:43:42.918+0300][info][gc] GC(42) Garbage Collection (Proactive) 10M(50%)->8M(40%)
[2025-05-26T22:43:44.931+0300][info][gc] GC(43) Garbage Collection (Proactive) 10M(50%)->8M(40%)
[2025-05-26T22:43:46.825+0300][info][gc] GC(44) Garbage Collection (Proactive) 10M(50%)->8M(40%)
[2025-05-26T22:43:48.537+0300][info][gc] GC(45) Garbage Collection (Proactive) 10M(50%)->8M(40%)
[2025-05-26T22:43:50.833+0300][info][gc] GC(46) Garbage Collection (Proactive) 10M(50%)->8M(40%)
[2025-05-26T22:43:52.922+0300][info][gc] GC(47) Garbage Collection (Proactive) 10M(50%)->8M(40%)
[2025-05-26T22:43:54.740+0300][info][gc] GC(48) Garbage Collection (Proactive) 10M(50%)->10M(50%)
[2025-05-26T22:44:08.821+0300][info][gc] GC(49) Garbage Collection (Proactive) 12M(60%)->8M(40%)
[2025-05-26T22:44:11.528+0300][info][gc] GC(50) Garbage Collection (Proactive) 10M(50%)->8M(40%)
[2025-05-26T22:44:13.917+0300][info][gc] GC(51) Garbage Collection (Proactive) 10M(50%)->8M(40%)
[2025-05-26T22:44:16.325+0300][info][gc] GC(52) Garbage Collection (Proactive) 10M(50%)->8M(40%)
[2025-05-26T22:44:18.420+0300][info][gc] GC(53) Garbage Collection (Proactive) 10M(50%)->8M(40%)
[2025-05-26T22:44:18.896+0300][info][gc] Allocation Stall (main) 29.107ms
[2025-05-26T22:44:18.896+0300][info][gc] GC(54) Garbage Collection (Allocation Stall) 20M(100%)->14M(70%)
[2025-05-26T22:44:18.943+0300][info][gc] Allocation Stall (main) 25.893ms
[2025-05-26T22:44:18.945+0300][info][gc] GC(55) Garbage Collection (Allocation Stall) 20M(100%)->14M(70%)
[2025-05-26T22:44:18.986+0300][info][gc] Allocation Stall (main) 27.088ms
[2025-05-26T22:44:18.986+0300][info][gc] GC(56) Garbage Collection (Allocation Stall) 20M(100%)->16M(80%)
[2025-05-26T22:44:19.015+0300][info][gc] GC(57) Garbage Collection (Allocation Rate) 16M(80%)->20M(100%)
[2025-05-26T22:44:19.015+0300][info][gc] Allocation Stall (main) 22.135ms
[2025-05-26T22:44:19.125+0300][info][gc] GC(58) Garbage Collection (Allocation Stall) 20M(100%)->8M(40%)
[2025-05-26T22:44:19.223+0300][info][gc] GC(59) Garbage Collection (Allocation Rate) 8M(40%)->8M(40%)
[2025-05-26T22:44:19.317+0300][info][gc] GC(60) Garbage Collection (Allocation Rate) 8M(40%)->8M(40%)
[2025-05-26T22:44:19.427+0300][info][gc] GC(61) Garbage Collection (Allocation Rate) 8M(40%)->8M(40%)
[2025-05-26T22:44:19.518+0300][info][gc] GC(62) Garbage Collection (Allocation Rate) 8M(40%)->8M(40%)
[2025-05-26T22:44:19.615+0300][info][gc] GC(63) Garbage Collection (Allocation Rate) 8M(40%)->8M(40%)
[2025-05-26T22:44:19.715+0300][info][gc] GC(64) Garbage Collection (Allocation Rate) 8M(40%)->8M(40%)
[2025-05-26T22:44:19.830+0300][info][gc] GC(65) Garbage Collection (Allocation Rate) 8M(40%)->10M(50%)
[2025-05-26T22:44:20.021+0300][info][gc] GC(66) Garbage Collection (Allocation Rate) 10M(50%)->8M(40%)
[2025-05-26T22:44:20.132+0300][info][gc] GC(67) Garbage Collection (Allocation Rate) 8M(40%)->8M(40%)
[2025-05-26T22:44:20.225+0300][info][gc] GC(68) Garbage Collection (Allocation Rate) 8M(40%)->8M(40%)
[2025-05-26T22:44:20.317+0300][info][gc] GC(69) Garbage Collection (Allocation Rate) 8M(40%)->8M(40%)
[2025-05-26T22:44:20.415+0300][info][gc] GC(70) Garbage Collection (Allocation Rate) 8M(40%)->8M(40%)
[2025-05-26T22:44:20.530+0300][info][gc] GC(71) Garbage Collection (Allocation Rate) 8M(40%)->8M(40%)
[2025-05-26T22:44:20.623+0300][info][gc] GC(72) Garbage Collection (Allocation Rate) 8M(40%)->8M(40%)
[2025-05-26T22:44:20.718+0300][info][gc] GC(73) Garbage Collection (Allocation Rate) 8M(40%)->8M(40%)
[2025-05-26T22:44:22.526+0300][info][gc] GC(74) Garbage Collection (Proactive) 10M(50%)->10M(50%)
[2025-05-26T22:44:24.220+0300][info][gc] GC(75) Garbage Collection (Proactive) 12M(60%)->10M(50%)
[2025-05-26T22:44:25.931+0300][info][gc] GC(76) Garbage Collection (Proactive) 12M(60%)->10M(50%)
[2025-05-26T22:44:27.729+0300][info][gc] GC(77) Garbage Collection (Proactive) 12M(60%)->10M(50%)
[2025-05-26T22:44:29.433+0300][info][gc] GC(78) Garbage Collection (Proactive) 12M(60%)->10M(50%)
[2025-05-26T22:44:31.618+0300][info][gc] GC(79) Garbage Collection (Proactive) 12M(60%)->10M(50%)
[2025-05-26T22:44:33.520+0300][info][gc] GC(80) Garbage Collection (Proactive) 12M(60%)->10M(50%)
[2025-05-26T22:44:35.430+0300][info][gc] GC(81) Garbage Collection (Proactive) 12M(60%)->10M(50%)
[2025-05-26T22:44:37.232+0300][info][gc] GC(82) Garbage Collection (Proactive) 12M(60%)->10M(50%)
[2025-05-26T22:44:39.326+0300][info][gc] GC(83) Garbage Collection (Proactive) 12M(60%)->10M(50%)
[2025-05-26T22:44:41.219+0300][info][gc] GC(84) Garbage Collection (Proactive) 12M(60%)->10M(50%)
[2025-05-26T22:44:42.920+0300][info][gc] GC(85) Garbage Collection (Proactive) 12M(60%)->12M(60%)
[2025-05-26T22:44:56.625+0300][info][gc] GC(86) Garbage Collection (Proactive) 14M(70%)->10M(50%)
[2025-05-26T22:44:58.415+0300][info][gc] GC(87) Garbage Collection (Proactive) 12M(60%)->10M(50%)
[2025-05-26T22:45:00.213+0300][info][gc] GC(88) Garbage Collection (Proactive) 12M(60%)->10M(50%)
[2025-05-26T22:45:01.919+0300][info][gc] GC(89) Garbage Collection (Proactive) 12M(60%)->10M(50%)
[2025-05-26T22:45:03.429+0300][info][gc] GC(90) Garbage Collection (Proactive) 12M(60%)->10M(50%)
[2025-05-26T22:45:05.327+0300][info][gc] GC(91) Garbage Collection (Proactive) 12M(60%)->10M(50%)
[2025-05-26T22:45:07.135+0300][info][gc] GC(92) Garbage Collection (Proactive) 12M(60%)->10M(50%)
[2025-05-26T22:45:09.232+0300][info][gc] GC(93) Garbage Collection (Proactive) 12M(60%)->10M(50%)
[2025-05-26T22:45:11.017+0300][info][gc] GC(94) Garbage Collection (Proactive) 12M(60%)->10M(50%)
[2025-05-26T22:45:12.827+0300][info][gc] GC(95) Garbage Collection (Proactive) 12M(60%)->10M(50%)
[2025-05-26T22:45:14.412+0300][info][gc] GC(96) Garbage Collection (Proactive) 12M(60%)->10M(50%)
[2025-05-26T22:45:15.919+0300][info][gc] GC(97) Garbage Collection (Proactive) 12M(60%)->10M(50%)
[2025-05-26T22:45:17.622+0300][info][gc] GC(98) Garbage Collection (Proactive) 12M(60%)->10M(50%)
[2025-05-26T22:45:19.343+0300][info][gc] GC(99) Garbage Collection (Proactive) 12M(60%)->10M(50%)
[2025-05-26T22:45:22.429+0300][info][gc] GC(100) Garbage Collection (Proactive) 12M(60%)->10M(50%)
[2025-05-26T22:45:25.030+0300][info][gc] GC(101) Garbage Collection (Proactive) 12M(60%)->10M(50%)
[2025-05-26T22:45:27.117+0300][info][gc] GC(102) Garbage Collection (Proactive) 12M(60%)->10M(50%)
[2025-05-26T22:45:29.025+0300][info][gc] GC(103) Garbage Collection (Proactive) 12M(60%)->10M(50%)
[2025-05-26T22:45:30.926+0300][info][gc] GC(104) Garbage Collection (Proactive) 12M(60%)->10M(50%)
[2025-05-26T22:45:32.619+0300][info][gc] GC(105) Garbage Collection (Proactive) 12M(60%)->10M(50%)
[2025-05-26T22:45:34.329+0300][info][gc] GC(106) Garbage Collection (Proactive) 12M(60%)->10M(50%)
[2025-05-26T22:45:36.817+0300][info][gc] GC(107) Garbage Collection (Proactive) 12M(60%)->10M(50%)
[2025-05-26T22:45:39.233+0300][info][gc] GC(108) Garbage Collection (Proactive) 12M(60%)->12M(60%)
[2025-05-26T22:45:53.433+0300][info][gc] GC(109) Garbage Collection (Proactive) 14M(70%)->10M(50%)
[2025-05-26T22:45:55.625+0300][info][gc] GC(110) Garbage Collection (Proactive) 12M(60%)->10M(50%)
[2025-05-26T22:45:57.928+0300][info][gc] GC(111) Garbage Collection (Proactive) 12M(60%)->10M(50%)
[2025-05-26T22:46:00.118+0300][info][gc] GC(112) Garbage Collection (Proactive) 12M(60%)->10M(50%)
[2025-05-26T22:46:02.015+0300][info][gc] GC(113) Garbage Collection (Proactive) 12M(60%)->10M(50%)
[2025-05-26T22:46:03.821+0300][info][gc] GC(114) Garbage Collection (Proactive) 12M(60%)->10M(50%)
[2025-05-26T22:46:05.525+0300][info][gc] GC(115) Garbage Collection (Proactive) 12M(60%)->10M(50%)
[2025-05-26T22:46:07.128+0300][info][gc] GC(116) Garbage Collection (Proactive) 12M(60%)->10M(50%)
[2025-05-26T22:46:08.720+0300][info][gc] GC(117) Garbage Collection (Proactive) 12M(60%)->10M(50%)
[2025-05-26T22:46:10.229+0300][info][gc] GC(118) Garbage Collection (Proactive) 12M(60%)->10M(50%)
[2025-05-26T22:46:12.014+0300][info][gc] GC(119) Garbage Collection (Proactive) 12M(60%)->10M(50%)
[2025-05-26T22:46:13.733+0300][info][gc] GC(120) Garbage Collection (Proactive) 12M(60%)->10M(50%)
[2025-05-26T22:46:15.720+0300][info][gc] GC(121) Garbage Collection (Proactive) 12M(60%)->10M(50%)
[2025-05-26T22:46:17.431+0300][info][gc] GC(122) Garbage Collection (Proactive) 12M(60%)->10M(50%)
[2025-05-26T22:46:19.925+0300][info][gc] GC(123) Garbage Collection (Proactive) 14M(70%)->12M(60%)
[2025-05-26T22:46:22.223+0300][info][gc] GC(124) Garbage Collection (Proactive) 14M(70%)->12M(60%)
[2025-05-26T22:46:24.317+0300][info][gc] GC(125) Garbage Collection (Proactive) 14M(70%)->12M(60%)
[2025-05-26T22:46:26.227+0300][info][gc] GC(126) Garbage Collection (Proactive) 14M(70%)->12M(60%)
[2025-05-26T22:46:28.219+0300][info][gc] GC(127) Garbage Collection (Proactive) 14M(70%)->10M(50%)
[2025-05-26T22:46:30.028+0300][info][gc] GC(128) Garbage Collection (Proactive) 12M(60%)->10M(50%)
[2025-05-26T22:46:32.118+0300][info][gc] GC(129) Garbage Collection (Proactive) 12M(60%)->10M(50%)
[2025-05-26T22:46:34.025+0300][info][gc] GC(130) Garbage Collection (Proactive) 12M(60%)->10M(50%)
[2025-05-26T22:46:35.739+0300][info][gc] GC(131) Garbage Collection (Proactive) 12M(60%)->10M(50%)
[2025-05-26T22:46:38.122+0300][info][gc] GC(132) Garbage Collection (Proactive) 12M(60%)->10M(50%)
[2025-05-26T22:46:40.423+0300][info][gc] GC(133) Garbage Collection (Proactive) 12M(60%)->10M(50%)
[2025-05-26T22:46:42.327+0300][info][gc] GC(134) Garbage Collection (Proactive) 12M(60%)->10M(50%)
[2025-05-26T22:46:44.114+0300][info][gc] GC(135) Garbage Collection (Proactive) 12M(60%)->10M(50%)
[2025-05-26T22:46:45.728+0300][info][gc] GC(136) Garbage Collection (Proactive) 12M(60%)->10M(50%)
[2025-05-26T22:46:47.523+0300][info][gc] GC(137) Garbage Collection (Proactive) 12M(60%)->10M(50%)
[2025-05-26T22:46:49.221+0300][info][gc] GC(138) Garbage Collection (Proactive) 12M(60%)->10M(50%)
[2025-05-26T22:46:51.023+0300][info][gc] GC(139) Garbage Collection (Proactive) 12M(60%)->10M(50%)
[2025-05-26T22:46:52.722+0300][info][gc] GC(140) Garbage Collection (Proactive) 12M(60%)->10M(50%)
[2025-05-26T22:46:54.317+0300][info][gc] GC(141) Garbage Collection (Proactive) 12M(60%)->10M(50%)
[2025-05-26T22:46:55.823+0300][info][gc] GC(142) Garbage Collection (Proactive) 12M(60%)->10M(50%)
[2025-05-26T22:46:57.619+0300][info][gc] GC(143) Garbage Collection (Proactive) 12M(60%)->12M(60%)
[2025-05-26T22:47:11.824+0300][info][gc] GC(144) Garbage Collection (Proactive) 14M(70%)->10M(50%)
[2025-05-26T22:47:13.426+0300][info][gc] GC(145) Garbage Collection (Proactive) 12M(60%)->10M(50%)
[2025-05-26T22:47:15.426+0300][info][gc] GC(146) Garbage Collection (Proactive) 12M(60%)->10M(50%)
[2025-05-26T22:47:17.326+0300][info][gc] GC(147) Garbage Collection (Proactive) 12M(60%)->10M(50%)
[2025-05-26T22:47:19.220+0300][info][gc] GC(148) Garbage Collection (Proactive) 12M(60%)->10M(50%)
[2025-05-26T22:47:21.027+0300][info][gc] GC(149) Garbage Collection (Proactive) 12M(60%)->10M(50%)
[2025-05-26T22:47:22.927+0300][info][gc] GC(150) Garbage Collection (Proactive) 12M(60%)->10M(50%)
[2025-05-26T22:47:24.725+0300][info][gc] GC(151) Garbage Collection (Proactive) 12M(60%)->12M(60%)
[2025-05-26T22:47:37.825+0300][info][gc] GC(152) Garbage Collection (Proactive) 14M(70%)->10M(50%)
[2025-05-26T22:47:39.531+0300][info][gc] GC(153) Garbage Collection (Proactive) 12M(60%)->10M(50%)
[2025-05-26T22:47:41.726+0300][info][gc] GC(154) Garbage Collection (Proactive) 12M(60%)->10M(50%)
[2025-05-26T22:47:43.619+0300][info][gc] GC(155) Garbage Collection (Proactive) 12M(60%)->10M(50%)
[2025-05-26T22:47:45.232+0300][info][gc] GC(156) Garbage Collection (Proactive) 12M(60%)->10M(50%)
[2025-05-26T22:47:47.218+0300][info][gc] GC(157) Garbage Collection (Proactive) 12M(60%)->10M(50%)
[2025-05-26T22:47:48.927+0300][info][gc] GC(158) Garbage Collection (Proactive) 12M(60%)->10M(50%)
[2025-05-26T22:47:50.725+0300][info][gc] GC(159) Garbage Collection (Proactive) 12M(60%)->10M(50%)
[2025-05-26T22:47:52.525+0300][info][gc] GC(160) Garbage Collection (Proactive) 12M(60%)->10M(50%)
[2025-05-26T22:47:54.221+0300][info][gc] GC(161) Garbage Collection (Proactive) 12M(60%)->10M(50%)
[2025-05-26T22:47:55.916+0300][info][gc] GC(162) Garbage Collection (Proactive) 12M(60%)->10M(50%)
[2025-05-26T22:47:57.630+0300][info][gc] GC(163) Garbage Collection (Proactive) 12M(60%)->10M(50%)
[2025-05-26T22:47:59.422+0300][info][gc] GC(164) Garbage Collection (Proactive) 12M(60%)->10M(50%)
[2025-05-26T22:48:01.230+0300][info][gc] GC(165) Garbage Collection (Proactive) 12M(60%)->10M(50%)
[2025-05-26T22:48:02.918+0300][info][gc] GC(166) Garbage Collection (Proactive) 12M(60%)->10M(50%)
[2025-05-26T22:48:04.520+0300][info][gc] GC(167) Garbage Collection (Proactive) 12M(60%)->10M(50%)
[2025-05-26T22:48:06.223+0300][info][gc] GC(168) Garbage Collection (Proactive) 12M(60%)->10M(50%)
[2025-05-26T22:48:08.123+0300][info][gc] GC(169) Garbage Collection (Proactive) 12M(60%)->10M(50%)
[2025-05-26T22:48:09.928+0300][info][gc] GC(170) Garbage Collection (Proactive) 12M(60%)->10M(50%)
[2025-05-26T22:48:11.724+0300][info][gc] GC(171) Garbage Collection (Proactive) 12M(60%)->10M(50%)
[2025-05-26T22:48:13.424+0300][info][gc] GC(172) Garbage Collection (Proactive) 12M(60%)->10M(50%)
[2025-05-26T22:48:15.232+0300][info][gc] GC(173) Garbage Collection (Proactive) 12M(60%)->10M(50%)
[2025-05-26T22:48:16.922+0300][info][gc] GC(174) Garbage Collection (Proactive) 14M(70%)->12M(60%)
[2025-05-26T22:48:18.628+0300][info][gc] GC(175) Garbage Collection (Proactive) 14M(70%)->12M(60%)
[2025-05-26T22:48:20.324+0300][info][gc] GC(176) Garbage Collection (Proactive) 14M(70%)->12M(60%)
[2025-05-26T22:48:22.028+0300][info][gc] GC(177) Garbage Collection (Proactive) 14M(70%)->12M(60%)
[2025-05-26T22:48:23.517+0300][info][gc] GC(178) Garbage Collection (Proactive) 14M(70%)->12M(60%)
[2025-05-26T22:48:25.133+0300][info][gc] GC(179) Garbage Collection (Proactive) 14M(70%)->12M(60%)
[2025-05-26T22:48:27.015+0300][info][gc] GC(180) Garbage Collection (Proactive) 14M(70%)->12M(60%)
[2025-05-26T22:48:28.818+0300][info][gc] GC(181) Garbage Collection (Proactive) 14M(70%)->12M(60%)
[2025-05-26T22:48:30.718+0300][info][gc] GC(182) Garbage Collection (Proactive) 14M(70%)->12M(60%)
[2025-05-26T22:48:32.451+0300][info][gc] GC(183) Garbage Collection (Proactive) 14M(70%)->12M(60%)
[2025-05-26T22:48:37.026+0300][info][gc] GC(184) Garbage Collection (Proactive) 14M(70%)->12M(60%)
[2025-05-26T22:48:40.623+0300][info][gc] GC(185) Garbage Collection (Proactive) 14M(70%)->12M(60%)
[2025-05-26T22:48:43.317+0300][info][gc] GC(186) Garbage Collection (Proactive) 14M(70%)->12M(60%)
[2025-05-26T22:48:45.430+0300][info][gc] GC(187) Garbage Collection (Proactive) 14M(70%)->12M(60%)
[2025-05-26T22:48:47.227+0300][info][gc] GC(188) Garbage Collection (Proactive) 14M(70%)->12M(60%)
[2025-05-26T22:48:49.027+0300][info][gc] GC(189) Garbage Collection (Proactive) 14M(70%)->12M(60%)
[2025-05-26T22:48:50.717+0300][info][gc] GC(190) Garbage Collection (Proactive) 14M(70%)->12M(60%)
[2025-05-26T22:48:52.326+0300][info][gc] GC(191) Garbage Collection (Proactive) 14M(70%)->12M(60%)
[2025-05-26T22:48:54.024+0300][info][gc] GC(192) Garbage Collection (Proactive) 14M(70%)->12M(60%)
[2025-05-26T22:48:55.621+0300][info][gc] GC(193) Garbage Collection (Proactive) 14M(70%)->12M(60%)
[2025-05-26T22:48:57.231+0300][info][gc] GC(194) Garbage Collection (Proactive) 14M(70%)->12M(60%)
[2025-05-26T22:48:59.519+0300][info][gc] GC(195) Garbage Collection (Proactive) 14M(70%)->12M(60%)
[2025-05-26T22:49:01.528+0300][info][gc] GC(196) Garbage Collection (Proactive) 14M(70%)->12M(60%)
[2025-05-26T22:49:03.319+0300][info][gc] GC(197) Garbage Collection (Proactive) 14M(70%)->12M(60%)
[2025-05-26T22:49:05.129+0300][info][gc] GC(198) Garbage Collection (Proactive) 14M(70%)->12M(60%)
[2025-05-26T22:49:07.134+0300][info][gc] GC(199) Garbage Collection (Proactive) 14M(70%)->12M(60%)
[2025-05-26T22:49:09.225+0300][info][gc] GC(200) Garbage Collection (Proactive) 14M(70%)->12M(60%)
[2025-05-26T22:49:11.224+0300][info][gc] GC(201) Garbage Collection (Proactive) 14M(70%)->12M(60%)
[2025-05-26T22:49:12.929+0300][info][gc] GC(202) Garbage Collection (Proactive) 14M(70%)->12M(60%)
[2025-05-26T22:49:14.527+0300][info][gc] GC(203) Garbage Collection (Proactive) 14M(70%)->12M(60%)
[2025-05-26T22:49:16.529+0300][info][gc] GC(204) Garbage Collection (Proactive) 14M(70%)->12M(60%)
[2025-05-26T22:49:18.330+0300][info][gc] GC(205) Garbage Collection (Proactive) 14M(70%)->12M(60%)
[2025-05-26T22:49:20.422+0300][info][gc] GC(206) Garbage Collection (Proactive) 14M(70%)->12M(60%)
[2025-05-26T22:49:22.326+0300][info][gc] GC(207) Garbage Collection (Proactive) 14M(70%)->12M(60%)
[2025-05-26T22:49:24.122+0300][info][gc] GC(208) Garbage Collection (Proactive) 14M(70%)->12M(60%)
[2025-05-26T22:49:26.019+0300][info][gc] GC(209) Garbage Collection (Proactive) 14M(70%)->12M(60%)
[2025-05-26T22:49:28.021+0300][info][gc] GC(210) Garbage Collection (Proactive) 14M(70%)->12M(60%)
[2025-05-26T22:49:29.820+0300][info][gc] GC(211) Garbage Collection (Proactive) 14M(70%)->12M(60%)
[2025-05-26T22:49:31.529+0300][info][gc] GC(212) Garbage Collection (Proactive) 14M(70%)->12M(60%)
[2025-05-26T22:49:33.146+0300][info][gc] GC(213) Garbage Collection (Proactive) 14M(70%)->12M(60%)
[2025-05-26T22:49:37.130+0300][info][gc] GC(214) Garbage Collection (Proactive) 14M(70%)->12M(60%)
[2025-05-26T22:49:40.328+0300][info][gc] GC(215) Garbage Collection (Proactive) 14M(70%)->12M(60%)
[2025-05-26T22:49:43.016+0300][info][gc] GC(216) Garbage Collection (Proactive) 14M(70%)->12M(60%)
[2025-05-26T22:49:45.122+0300][info][gc] GC(217) Garbage Collection (Proactive) 14M(70%)->12M(60%)
[2025-05-26T22:49:47.426+0300][info][gc] GC(218) Garbage Collection (Proactive) 14M(70%)->12M(60%)
[2025-05-26T22:49:49.429+0300][info][gc] GC(219) Garbage Collection (Proactive) 14M(70%)->12M(60%)
[2025-05-26T22:49:51.317+0300][info][gc] GC(220) Garbage Collection (Proactive) 14M(70%)->12M(60%)
[2025-05-26T22:49:53.225+0300][info][gc] GC(221) Garbage Collection (Proactive) 14M(70%)->14M(70%)
[2025-05-26T22:50:08.322+0300][info][gc] GC(222) Garbage Collection (Proactive) 16M(80%)->12M(60%)
[2025-05-26T22:50:10.025+0300][info][gc] GC(223) Garbage Collection (Proactive) 14M(70%)->12M(60%)
[2025-05-26T22:50:11.931+0300][info][gc] GC(224) Garbage Collection (Proactive) 14M(70%)->12M(60%)
[2025-05-26T22:50:13.721+0300][info][gc] GC(225) Garbage Collection (Proactive) 14M(70%)->12M(60%)
[2025-05-26T22:50:15.424+0300][info][gc] GC(226) Garbage Collection (Proactive) 14M(70%)->12M(60%)
[2025-05-26T22:50:17.132+0300][info][gc] GC(227) Garbage Collection (Proactive) 14M(70%)->14M(70%)
[2025-05-26T22:50:31.332+0300][info][gc] GC(228) Garbage Collection (Proactive) 16M(80%)->12M(60%)
[2025-05-26T22:50:33.339+0300][info][gc] GC(229) Garbage Collection (Proactive) 14M(70%)->12M(60%)
[2025-05-26T22:50:35.518+0300][info][gc] GC(230) Garbage Collection (Proactive) 14M(70%)->12M(60%)
[2025-05-26T22:50:37.532+0300][info][gc] GC(231) Garbage Collection (Proactive) 14M(70%)->12M(60%)
[2025-05-26T22:50:39.421+0300][info][gc] GC(232) Garbage Collection (Proactive) 14M(70%)->12M(60%)
[2025-05-26T22:50:41.121+0300][info][gc] GC(233) Garbage Collection (Proactive) 14M(70%)->14M(70%)
[2025-05-26T22:50:56.222+0300][info][gc] GC(234) Garbage Collection (Proactive) 16M(80%)->12M(60%)
[2025-05-26T22:50:57.933+0300][info][gc] GC(235) Garbage Collection (Proactive) 14M(70%)->12M(60%)
[2025-05-26T22:50:59.729+0300][info][gc] GC(236) Garbage Collection (Proactive) 14M(70%)->12M(60%)
[2025-05-26T22:51:01.420+0300][info][gc] GC(237) Garbage Collection (Proactive) 14M(70%)->12M(60%)
[2025-05-26T22:51:03.130+0300][info][gc] GC(238) Garbage Collection (Proactive) 14M(70%)->14M(70%)
[2025-05-26T22:51:18.221+0300][info][gc] GC(239) Garbage Collection (Proactive) 16M(80%)->12M(60%)
[2025-05-26T22:51:19.817+0300][info][gc] GC(240) Garbage Collection (Proactive) 14M(70%)->12M(60%)
[2025-05-26T22:51:21.530+0300][info][gc] GC(241) Garbage Collection (Proactive) 14M(70%)->12M(60%)
[2025-05-26T22:51:23.223+0300][info][gc] GC(242) Garbage Collection (Proactive) 14M(70%)->12M(60%)
[2025-05-26T22:51:24.819+0300][info][gc] GC(243) Garbage Collection (Proactive) 14M(70%)->12M(60%)
[2025-05-26T22:51:26.627+0300][info][gc] GC(244) Garbage Collection (Proactive) 14M(70%)->12M(60%)
[2025-05-26T22:51:28.225+0300][info][gc] GC(245) Garbage Collection (Proactive) 14M(70%)->12M(60%)
[2025-05-26T22:51:29.929+0300][info][gc] GC(246) Garbage Collection (Proactive) 14M(70%)->12M(60%)
[2025-05-26T22:51:31.618+0300][info][gc] GC(247) Garbage Collection (Proactive) 14M(70%)->12M(60%)
[2025-05-26T22:51:33.226+0300][info][gc] GC(248) Garbage Collection (Proactive) 14M(70%)->12M(60%)
[2025-05-26T22:51:35.022+0300][info][gc] GC(249) Garbage Collection (Proactive) 14M(70%)->12M(60%)
[2025-05-26T22:51:36.621+0300][info][gc] GC(250) Garbage Collection (Proactive) 14M(70%)->12M(60%)
[2025-05-26T22:51:38.221+0300][info][gc] GC(251) Garbage Collection (Proactive) 14M(70%)->12M(60%)
[2025-05-26T22:51:39.934+0300][info][gc] GC(252) Garbage Collection (Proactive) 14M(70%)->12M(60%)
[2025-05-26T22:51:42.164+0300][info][gc] GC(253) Garbage Collection (Proactive) 14M(70%)->14M(70%)
[2025-05-26T22:51:55.325+0300][info][gc] GC(254) Garbage Collection (Allocation Rate) 16M(80%)->10M(50%)
[2025-05-26T22:51:59.520+0300][info][gc] GC(255) Garbage Collection (Proactive) 12M(60%)->10M(50%)
[2025-05-26T22:52:02.522+0300][info][gc] GC(256) Garbage Collection (Proactive) 12M(60%)->10M(50%)
[2025-05-26T22:52:04.827+0300][info][gc] GC(257) Garbage Collection (Proactive) 12M(60%)->10M(50%)
[2025-05-26T22:52:06.715+0300][info][gc] GC(258) Garbage Collection (Proactive) 12M(60%)->10M(50%)
[2025-05-26T22:52:08.418+0300][info][gc] GC(259) Garbage Collection (Proactive) 12M(60%)->12M(60%)
[2025-05-26T22:52:23.314+0300][info][gc] GC(260) Garbage Collection (Proactive) 14M(70%)->10M(50%)
[2025-05-26T22:52:24.820+0300][info][gc] GC(261) Garbage Collection (Proactive) 12M(60%)->10M(50%)
[2025-05-26T22:52:26.420+0300][info][gc] GC(262) Garbage Collection (Proactive) 12M(60%)->10M(50%)
[2025-05-26T22:52:27.931+0300][info][gc] GC(263) Garbage Collection (Proactive) 12M(60%)->10M(50%)
[2025-05-26T22:52:29.626+0300][info][gc] GC(264) Garbage Collection (Proactive) 12M(60%)->10M(50%)
[2025-05-26T22:52:31.333+0300][info][gc] GC(265) Garbage Collection (Proactive) 12M(60%)->10M(50%)
[2025-05-26T22:52:34.027+0300][info][gc] GC(266) Garbage Collection (Proactive) 12M(60%)->10M(50%)
[2025-05-26T22:52:36.522+0300][info][gc] GC(267) Garbage Collection (Proactive) 12M(60%)->10M(50%)
[2025-05-26T22:52:38.528+0300][info][gc] GC(268) Garbage Collection (Proactive) 12M(60%)->10M(50%)
[2025-05-26T22:52:41.029+0300][info][gc] GC(269) Garbage Collection (Proactive) 12M(60%)->10M(50%)
[2025-05-26T22:52:43.223+0300][info][gc] GC(270) Garbage Collection (Proactive) 12M(60%)->10M(50%)
[2025-05-26T22:52:45.230+0300][info][gc] GC(271) Garbage Collection (Proactive) 12M(60%)->10M(50%)
[2025-05-26T22:52:47.020+0300][info][gc] GC(272) Garbage Collection (Proactive) 12M(60%)->10M(50%)
[2025-05-26T22:52:48.820+0300][info][gc] GC(273) Garbage Collection (Proactive) 12M(60%)->10M(50%)
[2025-05-26T22:52:50.422+0300][info][gc] GC(274) Garbage Collection (Proactive) 12M(60%)->10M(50%)
[2025-05-26T22:52:52.216+0300][info][gc] GC(275) Garbage Collection (Proactive) 12M(60%)->10M(50%)
[2025-05-26T22:52:53.823+0300][info][gc] GC(276) Garbage Collection (Proactive) 12M(60%)->10M(50%)
[2025-05-26T22:52:55.333+0300][info][gc] GC(277) Garbage Collection (Proactive) 12M(60%)->10M(50%)
