[2025-05-20T14:14:55.791+0300][info][gc] Using Parallel
[2025-05-20T14:14:56.950+0300][info][gc] GC(0) Pause Young (Allocation Failure) 3M->1M(11M) 7.831ms
[2025-05-20T14:15:03.186+0300][info][gc] GC(1) Pause Young (Allocation Failure) 4M->2M(11M) 4.057ms
[2025-05-20T14:15:03.358+0300][info][gc] GC(2) Pause Young (Allocation Failure) 5M->2M(11M) 2.851ms
[2025-05-20T14:15:03.484+0300][info][gc] GC(3) Pause Young (Allocation Failure) 5M->3M(11M) 5.997ms
[2025-05-20T14:15:03.570+0300][info][gc] GC(4) Pause Young (Allocation Failure) 6M->5M(11M) 8.794ms
[2025-05-20T14:15:04.072+0300][info][gc] GC(5) Pause Young (Allocation Failure) 8M->6M(10M) 6.989ms
[2025-05-20T14:15:04.370+0300][info][gc] GC(6) Pause Young (Allocation Failure) 8M->6M(11M) 6.209ms
[2025-05-20T14:15:07.501+0300][info][gc] GC(7) Pause Young (Allocation Failure) 8M->6M(11M) 5.364ms
[2025-05-20T14:15:07.530+0300][info][gc] GC(8) Pause Full (Ergonomics) 6M->4M(11M) 28.569ms
[2025-05-20T14:15:20.500+0300][info][gc] GC(9) Pause Young (Allocation Failure) 6M->4M(11M) 0.938ms
[2025-05-20T14:15:37.603+0300][info][gc] GC(10) Pause Young (Allocation Failure) 6M->4M(11M) 0.977ms
[2025-05-20T14:15:47.568+0300][info][gc] GC(11) Pause Young (Allocation Failure) 6M->5M(11M) 0.956ms
[2025-05-20T14:16:05.605+0300][info][gc] GC(12) Pause Young (Allocation Failure) 7M->5M(11M) 0.665ms
[2025-05-20T14:16:24.627+0300][info][gc] GC(13) Pause Young (Allocation Failure) 7M->5M(11M) 0.699ms
[2025-05-20T14:16:43.643+0300][info][gc] GC(14) Pause Young (Allocation Failure) 7M->5M(11M) 1.270ms
[2025-05-20T14:17:02.022+0300][info][gc] GC(15) Pause Young (Allocation Failure) 7M->5M(11M) 0.612ms
[2025-05-20T14:17:02.033+0300][info][gc] GC(16) Pause Young (Allocation Failure) 7M->6M(11M) 0.923ms
[2025-05-20T14:17:02.041+0300][info][gc] GC(17) Pause Young (Allocation Failure) 8M->6M(11M) 0.983ms
[2025-05-20T14:17:02.080+0300][info][gc] GC(18) Pause Full (Ergonomics) 6M->5M(11M) 38.548ms
[2025-05-20T14:17:02.105+0300][info][gc] GC(19) Pause Young (Allocation Failure) 7M->5M(11M) 0.776ms
[2025-05-20T14:17:02.129+0300][info][gc] GC(20) Pause Young (Allocation Failure) 7M->5M(11M) 0.599ms
[2025-05-20T14:17:02.138+0300][info][gc] GC(21) Pause Young (Allocation Failure) 7M->5M(11M) 0.415ms
[2025-05-20T14:17:02.144+0300][info][gc] GC(22) Pause Young (Allocation Failure) 7M->6M(11M) 1.214ms
[2025-05-20T14:17:02.148+0300][info][gc] GC(23) Pause Young (Allocation Failure) 7M->6M(11M) 0.331ms
[2025-05-20T14:17:02.153+0300][info][gc] GC(24) Pause Young (Allocation Failure) 8M->6M(11M) 0.440ms
[2025-05-20T14:17:02.159+0300][info][gc] GC(25) Pause Young (Allocation Failure) 8M->6M(11M) 0.452ms
[2025-05-20T14:17:02.163+0300][info][gc] GC(26) Pause Young (Allocation Failure) 8M->6M(11M) 0.396ms
[2025-05-20T14:17:02.168+0300][info][gc] GC(27) Pause Young (Allocation Failure) 8M->6M(11M) 1.088ms
[2025-05-20T14:17:02.173+0300][info][gc] GC(28) Pause Young (Allocation Failure) 8M->6M(11M) 0.616ms
[2025-05-20T14:17:02.178+0300][info][gc] GC(29) Pause Young (Allocation Failure) 8M->6M(11M) 0.769ms
[2025-05-20T14:17:02.182+0300][info][gc] GC(30) Pause Young (Allocation Failure) 8M->7M(11M) 0.375ms
[2025-05-20T14:17:06.662+0300][info][gc] GC(31) Pause Young (Allocation Failure) 9M->6M(11M) 0.772ms
[2025-05-20T14:17:25.680+0300][info][gc] GC(32) Pause Young (Allocation Failure) 8M->6M(11M) 0.882ms
[2025-05-20T14:17:44.695+0300][info][gc] GC(33) Pause Young (Allocation Failure) 8M->7M(11M) 0.490ms
[2025-05-20T14:18:04.712+0300][info][gc] GC(34) Pause Young (Allocation Failure) 9M->6M(11M) 1.648ms
[2025-05-20T14:18:23.730+0300][info][gc] GC(35) Pause Young (Allocation Failure) 8M->7M(11M) 0.378ms
[2025-05-20T14:18:43.748+0300][info][gc] GC(36) Pause Young (Allocation Failure) 9M->6M(11M) 2.491ms
[2025-05-20T14:19:02.766+0300][info][gc] GC(37) Pause Young (Allocation Failure) 8M->7M(11M) 0.466ms
[2025-05-20T14:19:12.776+0300][info][gc] GC(38) Pause Young (Allocation Failure) 9M->7M(11M) 0.790ms
[2025-05-20T14:19:31.796+0300][info][gc] GC(39) Pause Young (Allocation Failure) 9M->7M(11M) 0.823ms
[2025-05-20T14:19:51.810+0300][info][gc] GC(40) Pause Young (Allocation Failure) 9M->7M(11M) 0.576ms
[2025-05-20T14:20:09.845+0300][info][gc] GC(41) Pause Young (Allocation Failure) 9M->7M(11M) 10.759ms
[2025-05-20T14:20:29.856+0300][info][gc] GC(42) Pause Young (Allocation Failure) 9M->7M(11M) 0.630ms
[2025-05-20T14:20:48.875+0300][info][gc] GC(43) Pause Young (Allocation Failure) 9M->7M(11M) 0.466ms
[2025-05-20T14:21:08.889+0300][info][gc] GC(44) Pause Young (Allocation Failure) 9M->7M(11M) 0.415ms
[2025-05-20T14:21:27.907+0300][info][gc] GC(45) Pause Young (Allocation Failure) 9M->7M(11M) 0.455ms
[2025-05-20T14:21:47.925+0300][info][gc] GC(46) Pause Young (Allocation Failure) 9M->7M(11M) 0.458ms
[2025-05-20T14:22:06.945+0300][info][gc] GC(47) Pause Young (Allocation Failure) 9M->7M(11M) 0.614ms
[2025-05-20T14:22:26.963+0300][info][gc] GC(48) Pause Young (Allocation Failure) 9M->7M(11M) 0.432ms
[2025-05-20T14:22:46.619+0300][info][gc] GC(49) Pause Young (Allocation Failure) 9M->7M(11M) 2.020ms
[2025-05-20T14:23:05.996+0300][info][gc] GC(50) Pause Young (Allocation Failure) 9M->7M(11M) 0.519ms
[2025-05-20T14:23:16.026+0300][info][gc] GC(51) Pause Young (Allocation Failure) 9M->8M(11M) 0.635ms
[2025-05-20T14:23:36.028+0300][info][gc] GC(52) Pause Young (Allocation Failure) 10M->8M(11M) 0.622ms
[2025-05-20T14:23:55.739+0300][info][gc] GC(53) Pause Young (Allocation Failure) 10M->8M(11M) 0.800ms
[2025-05-20T14:24:15.085+0300][info][gc] GC(54) Pause Young (Allocation Failure) 10M->8M(11M) 0.606ms
[2025-05-20T14:24:35.101+0300][info][gc] GC(55) Pause Young (Allocation Failure) 10M->10M(11M) 1.186ms
[2025-05-20T14:24:35.135+0300][info][gc] GC(56) Pause Full (Ergonomics) 10M->5M(11M) 34.006ms
[2025-05-20T14:24:49.119+0300][info][gc] GC(57) Pause Young (Allocation Failure) 7M->5M(11M) 0.656ms
[2025-05-20T14:25:08.136+0300][info][gc] GC(58) Pause Young (Allocation Failure) 7M->5M(11M) 0.649ms
[2025-05-20T14:25:28.154+0300][info][gc] GC(59) Pause Young (Allocation Failure) 7M->5M(11M) 0.715ms
[2025-05-20T14:25:48.178+0300][info][gc] GC(60) Pause Young (Allocation Failure) 7M->5M(11M) 0.436ms
[2025-05-20T14:26:08.191+0300][info][gc] GC(61) Pause Young (Allocation Failure) 7M->5M(11M) 0.504ms
[2025-05-20T14:26:28.204+0300][info][gc] GC(62) Pause Young (Allocation Failure) 7M->5M(11M) 0.470ms
[2025-05-20T14:26:47.779+0300][info][gc] GC(63) Pause Young (Allocation Failure) 7M->5M(11M) 1.754ms
[2025-05-20T14:27:07.779+0300][info][gc] GC(64) Pause Young (Allocation Failure) 7M->5M(11M) 0.641ms
[2025-05-20T14:27:27.781+0300][info][gc] GC(65) Pause Young (Allocation Failure) 7M->5M(11M) 0.461ms
[2025-05-20T14:27:47.782+0300][info][gc] GC(66) Pause Young (Allocation Failure) 7M->5M(11M) 0.438ms
[2025-05-20T14:28:07.785+0300][info][gc] GC(67) Pause Young (Allocation Failure) 7M->5M(11M) 0.447ms
[2025-05-20T14:28:27.789+0300][info][gc] GC(68) Pause Young (Allocation Failure) 7M->5M(11M) 0.535ms
[2025-05-20T14:28:47.790+0300][info][gc] GC(69) Pause Young (Allocation Failure) 7M->5M(11M) 0.458ms
[2025-05-20T14:29:07.790+0300][info][gc] GC(70) Pause Young (Allocation Failure) 7M->5M(11M) 0.517ms
[2025-05-20T14:29:27.791+0300][info][gc] GC(71) Pause Young (Allocation Failure) 7M->5M(11M) 0.383ms
[2025-05-20T14:29:47.393+0300][info][gc] GC(72) Pause Young (Allocation Failure) 7M->5M(11M) 0.571ms
